============================= test session starts =============================
platform win32 -- Python 3.12.0, pytest-8.3.5, pluggy-1.5.0 -- C:\Users\jaide\AppData\Local\Programs\Python\Python312\python.exe
cachedir: .pytest_cache
rootdir: D:\GetPlaced\OpenSource\ChronoGuard
configfile: pyproject.toml
plugins: anyio-4.9.0, Faker-38.2.0, langsmith-0.4.30, cov-7.0.0, typeguard-4.3.0
collecting ... collected 1021 items / 25 errors

=================================== ERRORS ====================================
___________ ERROR collecting backend/tests/unit/test_api_routes.py ____________
ImportError while importing test module 'D:\GetPlaced\OpenSource\ChronoGuard\backend\tests\unit\test_api_routes.py'.
Hint: make sure your test modules/packages have valid Python names.
Traceback:
C:\Users\jaide\AppData\Local\Programs\Python\Python312\Lib\site-packages\_pytest\python.py:493: in importtestmodule
    mod = import_path(
C:\Users\jaide\AppData\Local\Programs\Python\Python312\Lib\site-packages\_pytest\pathlib.py:587: in import_path
    importlib.import_module(module_name)
C:\Users\jaide\AppData\Local\Programs\Python\Python312\Lib\importlib\__init__.py:90: in import_module
    return _bootstrap._gcd_import(name[level:], package, level)
<frozen importlib._bootstrap>:1381: in _gcd_import
    ???
<frozen importlib._bootstrap>:1354: in _find_and_load
    ???
<frozen importlib._bootstrap>:1325: in _find_and_load_unlocked
    ???
<frozen importlib._bootstrap>:929: in _load_unlocked
    ???
C:\Users\jaide\AppData\Local\Programs\Python\Python312\Lib\site-packages\_pytest\assertion\rewrite.py:185: in exec_module
    exec(co, module.__dict__)
backend\tests\unit\test_api_routes.py:22: in <module>
    from application.queries import (
backend\src\application\queries\__init__.py:10: in <module>
    from .temporal_analytics import TemporalAnalyticsQuery
backend\src\application\queries\temporal_analytics.py:13: in <module>
    from infrastructure.persistence.redis.cache_service import CacheService
backend\src\infrastructure\persistence\redis\cache_service.py:7: in <module>
    import redis.asyncio as redis
E   ModuleNotFoundError: No module named 'redis'
__________ ERROR collecting backend/tests/unit/test_audit_export.py ___________
'asyncio' not found in `markers` configuration option
_______ ERROR collecting backend/tests/unit/test_audit_integrations.py ________
'asyncio' not found in `markers` configuration option
__________ ERROR collecting backend/tests/unit/test_audit_routes.py ___________
ImportError while importing test module 'D:\GetPlaced\OpenSource\ChronoGuard\backend\tests\unit\test_audit_routes.py'.
Hint: make sure your test modules/packages have valid Python names.
Traceback:
C:\Users\jaide\AppData\Local\Programs\Python\Python312\Lib\site-packages\_pytest\python.py:493: in importtestmodule
    mod = import_path(
C:\Users\jaide\AppData\Local\Programs\Python\Python312\Lib\site-packages\_pytest\pathlib.py:587: in import_path
    importlib.import_module(module_name)
C:\Users\jaide\AppData\Local\Programs\Python\Python312\Lib\importlib\__init__.py:90: in import_module
    return _bootstrap._gcd_import(name[level:], package, level)
<frozen importlib._bootstrap>:1381: in _gcd_import
    ???
<frozen importlib._bootstrap>:1354: in _find_and_load
    ???
<frozen importlib._bootstrap>:1325: in _find_and_load_unlocked
    ???
<frozen importlib._bootstrap>:929: in _load_unlocked
    ???
C:\Users\jaide\AppData\Local\Programs\Python\Python312\Lib\site-packages\_pytest\assertion\rewrite.py:185: in exec_module
    exec(co, module.__dict__)
backend\tests\unit\test_audit_routes.py:12: in <module>
    from core.security import create_access_token
backend\src\core\security.py:17: in <module>
    from jose import JWTError, jwt
E   ModuleNotFoundError: No module named 'jose'
_________ ERROR collecting backend/tests/unit/test_auth_middleware.py _________
ImportError while importing test module 'D:\GetPlaced\OpenSource\ChronoGuard\backend\tests\unit\test_auth_middleware.py'.
Hint: make sure your test modules/packages have valid Python names.
Traceback:
C:\Users\jaide\AppData\Local\Programs\Python\Python312\Lib\site-packages\_pytest\python.py:493: in importtestmodule
    mod = import_path(
C:\Users\jaide\AppData\Local\Programs\Python\Python312\Lib\site-packages\_pytest\pathlib.py:587: in import_path
    importlib.import_module(module_name)
C:\Users\jaide\AppData\Local\Programs\Python\Python312\Lib\importlib\__init__.py:90: in import_module
    return _bootstrap._gcd_import(name[level:], package, level)
<frozen importlib._bootstrap>:1381: in _gcd_import
    ???
<frozen importlib._bootstrap>:1354: in _find_and_load
    ???
<frozen importlib._bootstrap>:1325: in _find_and_load_unlocked
    ???
<frozen importlib._bootstrap>:929: in _load_unlocked
    ???
C:\Users\jaide\AppData\Local\Programs\Python\Python312\Lib\site-packages\_pytest\assertion\rewrite.py:185: in exec_module
    exec(co, module.__dict__)
backend\tests\unit\test_auth_middleware.py:26: in <module>
    from core.security import (
backend\src\core\security.py:17: in <module>
    from jose import JWTError, jwt
E   ModuleNotFoundError: No module named 'jose'
___________ ERROR collecting backend/tests/unit/test_auth_routes.py ___________
ImportError while importing test module 'D:\GetPlaced\OpenSource\ChronoGuard\backend\tests\unit\test_auth_routes.py'.
Hint: make sure your test modules/packages have valid Python names.
Traceback:
C:\Users\jaide\AppData\Local\Programs\Python\Python312\Lib\site-packages\_pytest\python.py:493: in importtestmodule
    mod = import_path(
C:\Users\jaide\AppData\Local\Programs\Python\Python312\Lib\site-packages\_pytest\pathlib.py:587: in import_path
    importlib.import_module(module_name)
C:\Users\jaide\AppData\Local\Programs\Python\Python312\Lib\importlib\__init__.py:90: in import_module
    return _bootstrap._gcd_import(name[level:], package, level)
<frozen importlib._bootstrap>:1381: in _gcd_import
    ???
<frozen importlib._bootstrap>:1354: in _find_and_load
    ???
<frozen importlib._bootstrap>:1325: in _find_and_load_unlocked
    ???
<frozen importlib._bootstrap>:929: in _load_unlocked
    ???
C:\Users\jaide\AppData\Local\Programs\Python\Python312\Lib\site-packages\_pytest\assertion\rewrite.py:185: in exec_module
    exec(co, module.__dict__)
backend\tests\unit\test_auth_routes.py:9: in <module>
    from presentation.api.routes.auth import router
backend\src\presentation\api\routes\__init__.py:6: in <module>
    from .agents import router as agents_router
backend\src\presentation\api\routes\agents.py:17: in <module>
    from application.queries import GetAgentQuery, ListAgentsQuery
backend\src\application\queries\__init__.py:10: in <module>
    from .temporal_analytics import TemporalAnalyticsQuery
backend\src\application\queries\temporal_analytics.py:13: in <module>
    from infrastructure.persistence.redis.cache_service import CacheService
backend\src\infrastructure\persistence\redis\cache_service.py:7: in <module>
    import redis.asyncio as redis
E   ModuleNotFoundError: No module named 'redis'
________ ERROR collecting backend/tests/unit/test_cache_repository.py _________
ImportError while importing test module 'D:\GetPlaced\OpenSource\ChronoGuard\backend\tests\unit\test_cache_repository.py'.
Hint: make sure your test modules/packages have valid Python names.
Traceback:
C:\Users\jaide\AppData\Local\Programs\Python\Python312\Lib\site-packages\_pytest\python.py:493: in importtestmodule
    mod = import_path(
C:\Users\jaide\AppData\Local\Programs\Python\Python312\Lib\site-packages\_pytest\pathlib.py:587: in import_path
    importlib.import_module(module_name)
C:\Users\jaide\AppData\Local\Programs\Python\Python312\Lib\importlib\__init__.py:90: in import_module
    return _bootstrap._gcd_import(name[level:], package, level)
<frozen importlib._bootstrap>:1381: in _gcd_import
    ???
<frozen importlib._bootstrap>:1354: in _find_and_load
    ???
<frozen importlib._bootstrap>:1325: in _find_and_load_unlocked
    ???
<frozen importlib._bootstrap>:929: in _load_unlocked
    ???
C:\Users\jaide\AppData\Local\Programs\Python\Python312\Lib\site-packages\_pytest\assertion\rewrite.py:185: in exec_module
    exec(co, module.__dict__)
backend\tests\unit\test_cache_repository.py:11: in <module>
    from infrastructure.persistence.redis.cache_repository import (
backend\src\infrastructure\persistence\redis\cache_repository.py:10: in <module>
    import redis.asyncio as redis
E   ModuleNotFoundError: No module named 'redis'
___________ ERROR collecting backend/tests/unit/test_celery_app.py ____________
ImportError while importing test module 'D:\GetPlaced\OpenSource\ChronoGuard\backend\tests\unit\test_celery_app.py'.
Hint: make sure your test modules/packages have valid Python names.
Traceback:
C:\Users\jaide\AppData\Local\Programs\Python\Python312\Lib\site-packages\_pytest\python.py:493: in importtestmodule
    mod = import_path(
C:\Users\jaide\AppData\Local\Programs\Python\Python312\Lib\site-packages\_pytest\pathlib.py:587: in import_path
    importlib.import_module(module_name)
C:\Users\jaide\AppData\Local\Programs\Python\Python312\Lib\importlib\__init__.py:90: in import_module
    return _bootstrap._gcd_import(name[level:], package, level)
<frozen importlib._bootstrap>:1381: in _gcd_import
    ???
<frozen importlib._bootstrap>:1354: in _find_and_load
    ???
<frozen importlib._bootstrap>:1325: in _find_and_load_unlocked
    ???
<frozen importlib._bootstrap>:929: in _load_unlocked
    ???
C:\Users\jaide\AppData\Local\Programs\Python\Python312\Lib\site-packages\_pytest\assertion\rewrite.py:185: in exec_module
    exec(co, module.__dict__)
backend\tests\unit\test_celery_app.py:19: in <module>
    from celery import Task
E   ModuleNotFoundError: No module named 'celery'
___ ERROR collecting backend/tests/unit/test_command_audit_side_effects.py ____
'asyncio' not found in `markers` configuration option
____________ ERROR collecting backend/tests/unit/test_commands.py _____________
'asyncio' not found in `markers` configuration option
________ ERROR collecting backend/tests/unit/test_config_generator.py _________
'asyncio' not found in `markers` configuration option
____________ ERROR collecting backend/tests/unit/test_database.py _____________
'asyncio' not found in `markers` configuration option
__________ ERROR collecting backend/tests/unit/test_dependencies.py ___________
ImportError while importing test module 'D:\GetPlaced\OpenSource\ChronoGuard\backend\tests\unit\test_dependencies.py'.
Hint: make sure your test modules/packages have valid Python names.
Traceback:
C:\Users\jaide\AppData\Local\Programs\Python\Python312\Lib\site-packages\_pytest\python.py:493: in importtestmodule
    mod = import_path(
C:\Users\jaide\AppData\Local\Programs\Python\Python312\Lib\site-packages\_pytest\pathlib.py:587: in import_path
    importlib.import_module(module_name)
C:\Users\jaide\AppData\Local\Programs\Python\Python312\Lib\importlib\__init__.py:90: in import_module
    return _bootstrap._gcd_import(name[level:], package, level)
<frozen importlib._bootstrap>:1381: in _gcd_import
    ???
<frozen importlib._bootstrap>:1354: in _find_and_load
    ???
<frozen importlib._bootstrap>:1325: in _find_and_load_unlocked
    ???
<frozen importlib._bootstrap>:929: in _load_unlocked
    ???
C:\Users\jaide\AppData\Local\Programs\Python\Python312\Lib\site-packages\_pytest\assertion\rewrite.py:185: in exec_module
    exec(co, module.__dict__)
backend\tests\unit\test_dependencies.py:10: in <module>
    from core.security import create_access_token
backend\src\core\security.py:17: in <module>
    from jose import JWTError, jwt
E   ModuleNotFoundError: No module named 'jose'
_____ ERROR collecting backend/tests/unit/test_infrastructure_coverage.py _____
ImportError while importing test module 'D:\GetPlaced\OpenSource\ChronoGuard\backend\tests\unit\test_infrastructure_coverage.py'.
Hint: make sure your test modules/packages have valid Python names.
Traceback:
C:\Users\jaide\AppData\Local\Programs\Python\Python312\Lib\site-packages\_pytest\python.py:493: in importtestmodule
    mod = import_path(
C:\Users\jaide\AppData\Local\Programs\Python\Python312\Lib\site-packages\_pytest\pathlib.py:587: in import_path
    importlib.import_module(module_name)
C:\Users\jaide\AppData\Local\Programs\Python\Python312\Lib\importlib\__init__.py:90: in import_module
    return _bootstrap._gcd_import(name[level:], package, level)
<frozen importlib._bootstrap>:1381: in _gcd_import
    ???
<frozen importlib._bootstrap>:1354: in _find_and_load
    ???
<frozen importlib._bootstrap>:1325: in _find_and_load_unlocked
    ???
<frozen importlib._bootstrap>:929: in _load_unlocked
    ???
C:\Users\jaide\AppData\Local\Programs\Python\Python312\Lib\site-packages\_pytest\assertion\rewrite.py:185: in exec_module
    exec(co, module.__dict__)
backend\tests\unit\test_infrastructure_coverage.py:7: in <module>
    from main import create_app, lifespan
backend\src\main.py:15: in <module>
    from infrastructure.observability.telemetry import initialize_telemetry
backend\src\infrastructure\observability\telemetry.py:9: in <module>
    from opentelemetry.exporter.otlp.proto.grpc.metric_exporter import OTLPMetricExporter
E   ModuleNotFoundError: No module named 'opentelemetry.exporter'
_________ ERROR collecting backend/tests/unit/test_internal_routes.py _________
ImportError while importing test module 'D:\GetPlaced\OpenSource\ChronoGuard\backend\tests\unit\test_internal_routes.py'.
Hint: make sure your test modules/packages have valid Python names.
Traceback:
C:\Users\jaide\AppData\Local\Programs\Python\Python312\Lib\site-packages\_pytest\python.py:493: in importtestmodule
    mod = import_path(
C:\Users\jaide\AppData\Local\Programs\Python\Python312\Lib\site-packages\_pytest\pathlib.py:587: in import_path
    importlib.import_module(module_name)
C:\Users\jaide\AppData\Local\Programs\Python\Python312\Lib\importlib\__init__.py:90: in import_module
    return _bootstrap._gcd_import(name[level:], package, level)
<frozen importlib._bootstrap>:1381: in _gcd_import
    ???
<frozen importlib._bootstrap>:1354: in _find_and_load
    ???
<frozen importlib._bootstrap>:1325: in _find_and_load_unlocked
    ???
<frozen importlib._bootstrap>:929: in _load_unlocked
    ???
C:\Users\jaide\AppData\Local\Programs\Python\Python312\Lib\site-packages\_pytest\assertion\rewrite.py:185: in exec_module
    exec(co, module.__dict__)
backend\tests\unit\test_internal_routes.py:15: in <module>
    from presentation.api.routes import internal_router
backend\src\presentation\api\routes\__init__.py:6: in <module>
    from .agents import router as agents_router
backend\src\presentation\api\routes\agents.py:17: in <module>
    from application.queries import GetAgentQuery, ListAgentsQuery
backend\src\application\queries\__init__.py:10: in <module>
    from .temporal_analytics import TemporalAnalyticsQuery
backend\src\application\queries\temporal_analytics.py:13: in <module>
    from infrastructure.persistence.redis.cache_service import CacheService
backend\src\infrastructure\persistence\redis\cache_service.py:7: in <module>
    import redis.asyncio as redis
E   ModuleNotFoundError: No module named 'redis'
___________ ERROR collecting backend/tests/unit/test_opa_client.py ____________
'asyncio' not found in `markers` configuration option
_______ ERROR collecting backend/tests/unit/test_opa_decision_logger.py _______
'asyncio' not found in `markers` configuration option
_________ ERROR collecting backend/tests/unit/test_policy_compiler.py _________
'asyncio' not found in `markers` configuration option
_______ ERROR collecting backend/tests/unit/test_policy_service_full.py _______
'asyncio' not found in `markers` configuration option
_____________ ERROR collecting backend/tests/unit/test_queries.py _____________
ImportError while importing test module 'D:\GetPlaced\OpenSource\ChronoGuard\backend\tests\unit\test_queries.py'.
Hint: make sure your test modules/packages have valid Python names.
Traceback:
C:\Users\jaide\AppData\Local\Programs\Python\Python312\Lib\site-packages\_pytest\python.py:493: in importtestmodule
    mod = import_path(
C:\Users\jaide\AppData\Local\Programs\Python\Python312\Lib\site-packages\_pytest\pathlib.py:587: in import_path
    importlib.import_module(module_name)
C:\Users\jaide\AppData\Local\Programs\Python\Python312\Lib\importlib\__init__.py:90: in import_module
    return _bootstrap._gcd_import(name[level:], package, level)
<frozen importlib._bootstrap>:1381: in _gcd_import
    ???
<frozen importlib._bootstrap>:1354: in _find_and_load
    ???
<frozen importlib._bootstrap>:1325: in _find_and_load_unlocked
    ???
<frozen importlib._bootstrap>:929: in _load_unlocked
    ???
C:\Users\jaide\AppData\Local\Programs\Python\Python312\Lib\site-packages\_pytest\assertion\rewrite.py:185: in exec_module
    exec(co, module.__dict__)
backend\tests\unit\test_queries.py:23: in <module>
    from application.queries import (
backend\src\application\queries\__init__.py:10: in <module>
    from .temporal_analytics import TemporalAnalyticsQuery
backend\src\application\queries\temporal_analytics.py:13: in <module>
    from infrastructure.persistence.redis.cache_service import CacheService
backend\src\infrastructure\persistence\redis\cache_service.py:7: in <module>
    import redis.asyncio as redis
E   ModuleNotFoundError: No module named 'redis'
__________ ERROR collecting backend/tests/unit/test_rate_limiter.py ___________
ImportError while importing test module 'D:\GetPlaced\OpenSource\ChronoGuard\backend\tests\unit\test_rate_limiter.py'.
Hint: make sure your test modules/packages have valid Python names.
Traceback:
C:\Users\jaide\AppData\Local\Programs\Python\Python312\Lib\site-packages\_pytest\python.py:493: in importtestmodule
    mod = import_path(
C:\Users\jaide\AppData\Local\Programs\Python\Python312\Lib\site-packages\_pytest\pathlib.py:587: in import_path
    importlib.import_module(module_name)
C:\Users\jaide\AppData\Local\Programs\Python\Python312\Lib\importlib\__init__.py:90: in import_module
    return _bootstrap._gcd_import(name[level:], package, level)
<frozen importlib._bootstrap>:1381: in _gcd_import
    ???
<frozen importlib._bootstrap>:1354: in _find_and_load
    ???
<frozen importlib._bootstrap>:1325: in _find_and_load_unlocked
    ???
<frozen importlib._bootstrap>:929: in _load_unlocked
    ???
C:\Users\jaide\AppData\Local\Programs\Python\Python312\Lib\site-packages\_pytest\assertion\rewrite.py:185: in exec_module
    exec(co, module.__dict__)
backend\tests\unit\test_rate_limiter.py:11: in <module>
    from infrastructure.persistence.redis.rate_limiter import (
backend\src\infrastructure\persistence\redis\rate_limiter.py:14: in <module>
    import redis.asyncio as redis
E   ModuleNotFoundError: No module named 'redis'
______ ERROR collecting backend/tests/unit/test_route_error_coverage.py _______
ImportError while importing test module 'D:\GetPlaced\OpenSource\ChronoGuard\backend\tests\unit\test_route_error_coverage.py'.
Hint: make sure your test modules/packages have valid Python names.
Traceback:
C:\Users\jaide\AppData\Local\Programs\Python\Python312\Lib\site-packages\_pytest\python.py:493: in importtestmodule
    mod = import_path(
C:\Users\jaide\AppData\Local\Programs\Python\Python312\Lib\site-packages\_pytest\pathlib.py:587: in import_path
    importlib.import_module(module_name)
C:\Users\jaide\AppData\Local\Programs\Python\Python312\Lib\importlib\__init__.py:90: in import_module
    return _bootstrap._gcd_import(name[level:], package, level)
<frozen importlib._bootstrap>:1381: in _gcd_import
    ???
<frozen importlib._bootstrap>:1354: in _find_and_load
    ???
<frozen importlib._bootstrap>:1325: in _find_and_load_unlocked
    ???
<frozen importlib._bootstrap>:929: in _load_unlocked
    ???
C:\Users\jaide\AppData\Local\Programs\Python\Python312\Lib\site-packages\_pytest\assertion\rewrite.py:185: in exec_module
    exec(co, module.__dict__)
backend\tests\unit\test_route_error_coverage.py:12: in <module>
    from application.queries import GetAuditEntriesQuery
backend\src\application\queries\__init__.py:10: in <module>
    from .temporal_analytics import TemporalAnalyticsQuery
backend\src\application\queries\temporal_analytics.py:13: in <module>
    from infrastructure.persistence.redis.cache_service import CacheService
backend\src\infrastructure\persistence\redis\cache_service.py:7: in <module>
    import redis.asyncio as redis
E   ModuleNotFoundError: No module named 'redis'
____________ ERROR collecting backend/tests/unit/test_security.py _____________
ImportError while importing test module 'D:\GetPlaced\OpenSource\ChronoGuard\backend\tests\unit\test_security.py'.
Hint: make sure your test modules/packages have valid Python names.
Traceback:
C:\Users\jaide\AppData\Local\Programs\Python\Python312\Lib\site-packages\_pytest\python.py:493: in importtestmodule
    mod = import_path(
C:\Users\jaide\AppData\Local\Programs\Python\Python312\Lib\site-packages\_pytest\pathlib.py:587: in import_path
    importlib.import_module(module_name)
C:\Users\jaide\AppData\Local\Programs\Python\Python312\Lib\importlib\__init__.py:90: in import_module
    return _bootstrap._gcd_import(name[level:], package, level)
<frozen importlib._bootstrap>:1381: in _gcd_import
    ???
<frozen importlib._bootstrap>:1354: in _find_and_load
    ???
<frozen importlib._bootstrap>:1325: in _find_and_load_unlocked
    ???
<frozen importlib._bootstrap>:929: in _load_unlocked
    ???
C:\Users\jaide\AppData\Local\Programs\Python\Python312\Lib\site-packages\_pytest\assertion\rewrite.py:185: in exec_module
    exec(co, module.__dict__)
backend\tests\unit\test_security.py:23: in <module>
    from jose import JWTError
E   ModuleNotFoundError: No module named 'jose'
_______ ERROR collecting backend/tests/unit/test_temporal_analytics.py ________
ImportError while importing test module 'D:\GetPlaced\OpenSource\ChronoGuard\backend\tests\unit\test_temporal_analytics.py'.
Hint: make sure your test modules/packages have valid Python names.
Traceback:
C:\Users\jaide\AppData\Local\Programs\Python\Python312\Lib\site-packages\_pytest\python.py:493: in importtestmodule
    mod = import_path(
C:\Users\jaide\AppData\Local\Programs\Python\Python312\Lib\site-packages\_pytest\pathlib.py:587: in import_path
    importlib.import_module(module_name)
C:\Users\jaide\AppData\Local\Programs\Python\Python312\Lib\importlib\__init__.py:90: in import_module
    return _bootstrap._gcd_import(name[level:], package, level)
<frozen importlib._bootstrap>:1381: in _gcd_import
    ???
<frozen importlib._bootstrap>:1354: in _find_and_load
    ???
<frozen importlib._bootstrap>:1325: in _find_and_load_unlocked
    ???
<frozen importlib._bootstrap>:929: in _load_unlocked
    ???
C:\Users\jaide\AppData\Local\Programs\Python\Python312\Lib\site-packages\_pytest\assertion\rewrite.py:185: in exec_module
    exec(co, module.__dict__)
backend\tests\unit\test_temporal_analytics.py:10: in <module>
    from application.queries.temporal_analytics import TemporalAnalyticsQuery, TemporalPattern
backend\src\application\queries\__init__.py:10: in <module>
    from .temporal_analytics import TemporalAnalyticsQuery
backend\src\application\queries\temporal_analytics.py:13: in <module>
    from infrastructure.persistence.redis.cache_service import CacheService
backend\src\infrastructure\persistence\redis\cache_service.py:7: in <module>
    import redis.asyncio as redis
E   ModuleNotFoundError: No module named 'redis'
___________ ERROR collecting backend/tests/unit/test_xds_server.py ____________
'asyncio' not found in `markers` configuration option
============================== warnings summary ===============================
C:\Users\jaide\AppData\Local\Programs\Python\Python312\Lib\site-packages\pydantic\_internal\_config.py:323: 27 warnings
  C:\Users\jaide\AppData\Local\Programs\Python\Python312\Lib\site-packages\pydantic\_internal\_config.py:323: PydanticDeprecatedSince20: Support for class-based `config` is deprecated, use ConfigDict instead. Deprecated in Pydantic V2.0 to be removed in V3.0. See Pydantic V2 Migration Guide at https://errors.pydantic.dev/2.11/migration/
    warnings.warn(DEPRECATION_MESSAGE, DeprecationWarning)

C:\Users\jaide\AppData\Local\Programs\Python\Python312\Lib\site-packages\_pytest\config\__init__.py:1441
  C:\Users\jaide\AppData\Local\Programs\Python\Python312\Lib\site-packages\_pytest\config\__init__.py:1441: PytestConfigWarning: Unknown config option: asyncio_mode
  
    self._warn_or_fail_if_strict(f"Unknown config option: {key}\n")

-- Docs: https://docs.pytest.org/en/stable/how-to/capture-warnings.html
=========================== short test summary info ===========================
ERROR backend/tests/unit/test_api_routes.py
ERROR backend/tests/unit/test_audit_export.py - Failed: 'asyncio' not found in `markers` configuration option
ERROR backend/tests/unit/test_audit_integrations.py - Failed: 'asyncio' not found in `markers` configuration option
ERROR backend/tests/unit/test_audit_routes.py
ERROR backend/tests/unit/test_auth_middleware.py
ERROR backend/tests/unit/test_auth_routes.py
ERROR backend/tests/unit/test_cache_repository.py
ERROR backend/tests/unit/test_celery_app.py
ERROR backend/tests/unit/test_command_audit_side_effects.py - Failed: 'asyncio' not found in `markers` configuration option
ERROR backend/tests/unit/test_commands.py - Failed: 'asyncio' not found in `markers` configuration option
ERROR backend/tests/unit/test_config_generator.py - Failed: 'asyncio' not found in `markers` configuration option
ERROR backend/tests/unit/test_database.py - Failed: 'asyncio' not found in `markers` configuration option
ERROR backend/tests/unit/test_dependencies.py
ERROR backend/tests/unit/test_infrastructure_coverage.py
ERROR backend/tests/unit/test_internal_routes.py
ERROR backend/tests/unit/test_opa_client.py - Failed: 'asyncio' not found in `markers` configuration option
ERROR backend/tests/unit/test_opa_decision_logger.py - Failed: 'asyncio' not found in `markers` configuration option
ERROR backend/tests/unit/test_policy_compiler.py - Failed: 'asyncio' not found in `markers` configuration option
ERROR backend/tests/unit/test_policy_service_full.py - Failed: 'asyncio' not found in `markers` configuration option
ERROR backend/tests/unit/test_queries.py
ERROR backend/tests/unit/test_rate_limiter.py
ERROR backend/tests/unit/test_route_error_coverage.py
ERROR backend/tests/unit/test_security.py
ERROR backend/tests/unit/test_temporal_analytics.py
ERROR backend/tests/unit/test_xds_server.py - Failed: 'asyncio' not found in `markers` configuration option
!!!!!!!!!!!!!!!!!! Interrupted: 25 errors during collection !!!!!!!!!!!!!!!!!!!
======================= 28 warnings, 25 errors in 2.55s =======================
